[0.051s] DEBUG:colcon:Command line arguments: ['/usr/bin/colcon', 'build', '--packages-select', 'autonomous_docking']
[0.051s] DEBUG:colcon:Parsed command line arguments: Namespace(log_base=None, log_level=None, verb_name='build', build_base='build', install_base='install', merge_install=False, symlink_install=False, test_result_base=None, continue_on_error=False, executor='parallel', parallel_workers=32, event_handlers=None, ignore_user_meta=False, metas=['./colcon.meta'], base_paths=['.'], packages_ignore=None, packages_ignore_regex=None, paths=None, packages_up_to=None, packages_up_to_regex=None, packages_above=None, packages_above_and_dependencies=None, packages_above_depth=None, packages_select_by_dep=None, packages_skip_by_dep=None, packages_skip_up_to=None, packages_select_build_failed=False, packages_skip_build_finished=False, packages_select_test_failures=False, packages_skip_test_passed=False, packages_select=['autonomous_docking'], packages_skip=None, packages_select_regex=None, packages_skip_regex=None, packages_start=None, packages_end=None, allow_overriding=[], cmake_args=None, cmake_target=None, cmake_target_skip_unavailable=False, cmake_clean_cache=False, cmake_clean_first=False, cmake_force_configure=False, ament_cmake_args=None, catkin_cmake_args=None, catkin_skip_building_tests=False, verb_parser=<colcon_defaults.argument_parser.defaults.DefaultArgumentsDecorator object at 0x7d51c04395a0>, verb_extension=<colcon_core.verb.build.BuildVerb object at 0x7d51c04390c0>, main=<bound method BuildVerb.main of <colcon_core.verb.build.BuildVerb object at 0x7d51c04390c0>>)
[0.129s] Level 1:colcon.colcon_core.package_discovery:discover_packages(colcon_meta) check parameters
[0.129s] Level 1:colcon.colcon_core.package_discovery:discover_packages(recursive) check parameters
[0.129s] Level 1:colcon.colcon_core.package_discovery:discover_packages(ignore) check parameters
[0.129s] Level 1:colcon.colcon_core.package_discovery:discover_packages(path) check parameters
[0.129s] Level 1:colcon.colcon_core.package_discovery:discover_packages(colcon_meta) discover
[0.129s] Level 1:colcon.colcon_core.package_discovery:discover_packages(recursive) discover
[0.129s] INFO:colcon.colcon_core.package_discovery:Crawling recursively for packages in '/home/ivanovaml/subsea_robotics_workspace/src/autonomous_docking'
[0.129s] Level 1:colcon.colcon_core.package_identification:_identify(.) by extensions ['ignore', 'ignore_ament_install']
[0.129s] Level 1:colcon.colcon_core.package_identification:_identify(.) by extension 'ignore'
[0.129s] Level 1:colcon.colcon_core.package_identification:_identify(.) by extension 'ignore_ament_install'
[0.129s] Level 1:colcon.colcon_core.package_identification:_identify(.) by extensions ['colcon_pkg']
[0.129s] Level 1:colcon.colcon_core.package_identification:_identify(.) by extension 'colcon_pkg'
[0.129s] Level 1:colcon.colcon_core.package_identification:_identify(.) by extensions ['colcon_meta']
[0.129s] Level 1:colcon.colcon_core.package_identification:_identify(.) by extension 'colcon_meta'
[0.129s] Level 1:colcon.colcon_core.package_identification:_identify(.) by extensions ['ros']
[0.129s] Level 1:colcon.colcon_core.package_identification:_identify(.) by extension 'ros'
[0.136s] DEBUG:colcon.colcon_core.package_identification:Package '.' with type 'ros.ament_python' and name 'autonomous_docking'
[0.136s] Level 1:colcon.colcon_core.package_discovery:discover_packages(recursive) using defaults
[0.136s] Level 1:colcon.colcon_core.package_discovery:discover_packages(ignore) discover
[0.136s] Level 1:colcon.colcon_core.package_discovery:discover_packages(ignore) using defaults
[0.136s] Level 1:colcon.colcon_core.package_discovery:discover_packages(path) discover
[0.136s] Level 1:colcon.colcon_core.package_discovery:discover_packages(path) using defaults
[0.150s] Level 1:colcon.colcon_core.package_discovery:discover_packages(prefix_path) check parameters
[0.150s] Level 1:colcon.colcon_core.package_discovery:discover_packages(prefix_path) discover
[0.151s] DEBUG:colcon.colcon_installed_package_information.package_discovery:Found 3 installed packages in /home/ivanovaml/subsea_robotics_workspace/install
[0.152s] DEBUG:colcon.colcon_installed_package_information.package_discovery:Found 276 installed packages in /opt/ros/humble
[0.152s] Level 1:colcon.colcon_core.package_discovery:discover_packages(prefix_path) using defaults
[0.169s] Level 5:colcon.colcon_core.verb:set package 'autonomous_docking' build argument 'cmake_args' from command line to 'None'
[0.169s] Level 5:colcon.colcon_core.verb:set package 'autonomous_docking' build argument 'cmake_target' from command line to 'None'
[0.169s] Level 5:colcon.colcon_core.verb:set package 'autonomous_docking' build argument 'cmake_target_skip_unavailable' from command line to 'False'
[0.169s] Level 5:colcon.colcon_core.verb:set package 'autonomous_docking' build argument 'cmake_clean_cache' from command line to 'False'
[0.169s] Level 5:colcon.colcon_core.verb:set package 'autonomous_docking' build argument 'cmake_clean_first' from command line to 'False'
[0.169s] Level 5:colcon.colcon_core.verb:set package 'autonomous_docking' build argument 'cmake_force_configure' from command line to 'False'
[0.170s] Level 5:colcon.colcon_core.verb:set package 'autonomous_docking' build argument 'ament_cmake_args' from command line to 'None'
[0.170s] Level 5:colcon.colcon_core.verb:set package 'autonomous_docking' build argument 'catkin_cmake_args' from command line to 'None'
[0.170s] Level 5:colcon.colcon_core.verb:set package 'autonomous_docking' build argument 'catkin_skip_building_tests' from command line to 'False'
[0.170s] DEBUG:colcon.colcon_core.verb:Building package 'autonomous_docking' with the following arguments: {'ament_cmake_args': None, 'build_base': '/home/ivanovaml/subsea_robotics_workspace/src/autonomous_docking/build/autonomous_docking', 'catkin_cmake_args': None, 'catkin_skip_building_tests': False, 'cmake_args': None, 'cmake_clean_cache': False, 'cmake_clean_first': False, 'cmake_force_configure': False, 'cmake_target': None, 'cmake_target_skip_unavailable': False, 'install_base': '/home/ivanovaml/subsea_robotics_workspace/src/autonomous_docking/install/autonomous_docking', 'merge_install': False, 'path': '/home/ivanovaml/subsea_robotics_workspace/src/autonomous_docking', 'symlink_install': False, 'test_result_base': None}
[0.170s] INFO:colcon.colcon_core.executor:Executing jobs using 'parallel' executor
[0.171s] DEBUG:colcon.colcon_parallel_executor.executor.parallel:run_until_complete
[0.171s] INFO:colcon.colcon_ros.task.ament_python.build:Building ROS package in '/home/ivanovaml/subsea_robotics_workspace/src/autonomous_docking' with build type 'ament_python'
[0.171s] Level 1:colcon.colcon_core.shell:create_environment_hook('autonomous_docking', 'ament_prefix_path')
[0.172s] INFO:colcon.colcon_core.plugin_system:Skipping extension 'colcon_core.shell.bat': Not used on non-Windows systems
[0.172s] INFO:colcon.colcon_core.shell:Creating environment hook '/home/ivanovaml/subsea_robotics_workspace/src/autonomous_docking/install/autonomous_docking/share/autonomous_docking/hook/ament_prefix_path.ps1'
[0.173s] INFO:colcon.colcon_core.shell:Creating environment descriptor '/home/ivanovaml/subsea_robotics_workspace/src/autonomous_docking/install/autonomous_docking/share/autonomous_docking/hook/ament_prefix_path.dsv'
[0.173s] INFO:colcon.colcon_core.shell:Creating environment hook '/home/ivanovaml/subsea_robotics_workspace/src/autonomous_docking/install/autonomous_docking/share/autonomous_docking/hook/ament_prefix_path.sh'
[0.173s] INFO:colcon.colcon_core.shell:Skip shell extension 'powershell' for command environment: Not usable outside of PowerShell
[0.173s] DEBUG:colcon.colcon_core.shell:Skip shell extension 'dsv' for command environment
[0.301s] INFO:colcon.colcon_core.task.python.build:Building Python package in '/home/ivanovaml/subsea_robotics_workspace/src/autonomous_docking'
[0.301s] INFO:colcon.colcon_core.shell:Skip shell extension 'powershell' for command environment: Not usable outside of PowerShell
[0.301s] DEBUG:colcon.colcon_core.shell:Skip shell extension 'dsv' for command environment
[0.463s] DEBUG:colcon.colcon_core.task.python.build:Available setuptools commands: sdist, upload_docs, install_lib, bdist_dumb, extract_messages, bdist_wheel, alias, dist_info, saveopts, build, rotate, test, bdist, build_scripts, install_egg_info, bdist_rpm, install_scripts, register, build_ext, bdist_egg, egg_info, develop, compile_catalog, upload, easy_install, install_headers, setopt, clean, update_catalog, check, build_clib, init_catalog, build_py, install_data, install, symlink_data
[0.466s] DEBUG:colcon.colcon_core.event_handler.log_command:Invoking command in '/home/ivanovaml/subsea_robotics_workspace/src/autonomous_docking': PYTHONPATH=/home/ivanovaml/subsea_robotics_workspace/src/autonomous_docking/build/autonomous_docking/prefix_override:/usr/lib/python3/dist-packages/colcon_core/task/python/colcon_distutils_commands:/home/ivanovaml/subsea_robotics_workspace/src/autonomous_docking/install/autonomous_docking/lib/python3.10/site-packages:${PYTHONPATH} /usr/bin/python3 -W ignore:setup.py install is deprecated -W ignore:easy_install command is deprecated setup.py egg_info --egg-base build/autonomous_docking build --build-base /home/ivanovaml/subsea_robotics_workspace/src/autonomous_docking/build/autonomous_docking/build install --record /home/ivanovaml/subsea_robotics_workspace/src/autonomous_docking/build/autonomous_docking/install.log --install-scripts $base/lib/autonomous_docking --single-version-externally-managed install_data
[0.604s] DEBUG:colcon.colcon_core.event_handler.log_command:Invoked command in '/home/ivanovaml/subsea_robotics_workspace/src/autonomous_docking' returned '0': PYTHONPATH=/home/ivanovaml/subsea_robotics_workspace/src/autonomous_docking/build/autonomous_docking/prefix_override:/usr/lib/python3/dist-packages/colcon_core/task/python/colcon_distutils_commands:/home/ivanovaml/subsea_robotics_workspace/src/autonomous_docking/install/autonomous_docking/lib/python3.10/site-packages:${PYTHONPATH} /usr/bin/python3 -W ignore:setup.py install is deprecated -W ignore:easy_install command is deprecated setup.py egg_info --egg-base build/autonomous_docking build --build-base /home/ivanovaml/subsea_robotics_workspace/src/autonomous_docking/build/autonomous_docking/build install --record /home/ivanovaml/subsea_robotics_workspace/src/autonomous_docking/build/autonomous_docking/install.log --install-scripts $base/lib/autonomous_docking --single-version-externally-managed install_data
[0.605s] Level 1:colcon.colcon_core.environment:checking '/home/ivanovaml/subsea_robotics_workspace/src/autonomous_docking/install/autonomous_docking' for CMake module files
[0.605s] Level 1:colcon.colcon_core.environment:checking '/home/ivanovaml/subsea_robotics_workspace/src/autonomous_docking/install/autonomous_docking' for CMake config files
[0.606s] Level 1:colcon.colcon_core.environment:checking '/home/ivanovaml/subsea_robotics_workspace/src/autonomous_docking/install/autonomous_docking/lib'
[0.606s] Level 1:colcon.colcon_core.environment:checking '/home/ivanovaml/subsea_robotics_workspace/src/autonomous_docking/install/autonomous_docking/bin'
[0.606s] Level 1:colcon.colcon_core.environment:checking '/home/ivanovaml/subsea_robotics_workspace/src/autonomous_docking/install/autonomous_docking/lib/pkgconfig/autonomous_docking.pc'
[0.606s] Level 1:colcon.colcon_core.environment:checking '/home/ivanovaml/subsea_robotics_workspace/src/autonomous_docking/install/autonomous_docking/lib/python3.10/site-packages'
[0.606s] Level 1:colcon.colcon_core.shell:create_environment_hook('autonomous_docking', 'pythonpath')
[0.606s] INFO:colcon.colcon_core.shell:Creating environment hook '/home/ivanovaml/subsea_robotics_workspace/src/autonomous_docking/install/autonomous_docking/share/autonomous_docking/hook/pythonpath.ps1'
[0.606s] INFO:colcon.colcon_core.shell:Creating environment descriptor '/home/ivanovaml/subsea_robotics_workspace/src/autonomous_docking/install/autonomous_docking/share/autonomous_docking/hook/pythonpath.dsv'
[0.606s] INFO:colcon.colcon_core.shell:Creating environment hook '/home/ivanovaml/subsea_robotics_workspace/src/autonomous_docking/install/autonomous_docking/share/autonomous_docking/hook/pythonpath.sh'
[0.607s] Level 1:colcon.colcon_core.environment:checking '/home/ivanovaml/subsea_robotics_workspace/src/autonomous_docking/install/autonomous_docking/bin'
[0.607s] Level 1:colcon.colcon_core.environment:create_environment_scripts_only(autonomous_docking)
[0.607s] INFO:colcon.colcon_core.shell:Creating package script '/home/ivanovaml/subsea_robotics_workspace/src/autonomous_docking/install/autonomous_docking/share/autonomous_docking/package.ps1'
[0.607s] INFO:colcon.colcon_core.shell:Creating package descriptor '/home/ivanovaml/subsea_robotics_workspace/src/autonomous_docking/install/autonomous_docking/share/autonomous_docking/package.dsv'
[0.608s] INFO:colcon.colcon_core.shell:Creating package script '/home/ivanovaml/subsea_robotics_workspace/src/autonomous_docking/install/autonomous_docking/share/autonomous_docking/package.sh'
[0.608s] INFO:colcon.colcon_core.shell:Creating package script '/home/ivanovaml/subsea_robotics_workspace/src/autonomous_docking/install/autonomous_docking/share/autonomous_docking/package.bash'
[0.608s] INFO:colcon.colcon_core.shell:Creating package script '/home/ivanovaml/subsea_robotics_workspace/src/autonomous_docking/install/autonomous_docking/share/autonomous_docking/package.zsh'
[0.608s] Level 1:colcon.colcon_core.environment:create_file_with_runtime_dependencies(/home/ivanovaml/subsea_robotics_workspace/src/autonomous_docking/install/autonomous_docking/share/colcon-core/packages/autonomous_docking)
[0.609s] DEBUG:colcon.colcon_parallel_executor.executor.parallel:closing loop
[0.609s] DEBUG:colcon.colcon_parallel_executor.executor.parallel:loop closed
[0.609s] DEBUG:colcon.colcon_parallel_executor.executor.parallel:run_until_complete finished with '0'
[0.609s] DEBUG:colcon.colcon_core.event_reactor:joining thread
[0.612s] INFO:colcon.colcon_core.plugin_system:Skipping extension 'colcon_notification.desktop_notification.notify_send': Could not find 'notify-send'
[0.612s] INFO:colcon.colcon_core.plugin_system:Skipping extension 'colcon_notification.desktop_notification.terminal_notifier': Not used on non-Darwin systems
[0.612s] INFO:colcon.colcon_core.plugin_system:Skipping extension 'colcon_notification.desktop_notification.win32': Not used on non-Windows systems
[0.612s] INFO:colcon.colcon_notification.desktop_notification:Sending desktop notification using 'notify2'
[0.612s] DEBUG:colcon.colcon_notification.desktop_notification.notify2:Failed to initialize notify2: org.freedesktop.DBus.Error.FileNotFound: Failed to connect to socket /run/user/1000/bus: No such file or directory
[0.612s] DEBUG:colcon.colcon_core.event_reactor:joined thread
[0.612s] INFO:colcon.colcon_core.shell:Creating prefix script '/home/ivanovaml/subsea_robotics_workspace/src/autonomous_docking/install/local_setup.ps1'
[0.612s] INFO:colcon.colcon_core.shell:Creating prefix util module '/home/ivanovaml/subsea_robotics_workspace/src/autonomous_docking/install/_local_setup_util_ps1.py'
[0.613s] INFO:colcon.colcon_core.shell:Creating prefix chain script '/home/ivanovaml/subsea_robotics_workspace/src/autonomous_docking/install/setup.ps1'
[0.613s] INFO:colcon.colcon_core.shell:Creating prefix script '/home/ivanovaml/subsea_robotics_workspace/src/autonomous_docking/install/local_setup.sh'
[0.614s] INFO:colcon.colcon_core.shell:Creating prefix util module '/home/ivanovaml/subsea_robotics_workspace/src/autonomous_docking/install/_local_setup_util_sh.py'
[0.614s] INFO:colcon.colcon_core.shell:Creating prefix chain script '/home/ivanovaml/subsea_robotics_workspace/src/autonomous_docking/install/setup.sh'
[0.614s] INFO:colcon.colcon_core.shell:Creating prefix script '/home/ivanovaml/subsea_robotics_workspace/src/autonomous_docking/install/local_setup.bash'
[0.615s] INFO:colcon.colcon_core.shell:Creating prefix chain script '/home/ivanovaml/subsea_robotics_workspace/src/autonomous_docking/install/setup.bash'
[0.615s] INFO:colcon.colcon_core.shell:Creating prefix script '/home/ivanovaml/subsea_robotics_workspace/src/autonomous_docking/install/local_setup.zsh'
[0.615s] INFO:colcon.colcon_core.shell:Creating prefix chain script '/home/ivanovaml/subsea_robotics_workspace/src/autonomous_docking/install/setup.zsh'
