[0.055s] DEBUG:colcon:Command line arguments: ['/usr/bin/colcon', 'build', '--packages-select', 'autonomous_docking']
[0.055s] DEBUG:colcon:Parsed command line arguments: Namespace(log_base=None, log_level=None, verb_name='build', build_base='build', install_base='install', merge_install=False, symlink_install=False, test_result_base=None, continue_on_error=False, executor='parallel', parallel_workers=32, event_handlers=None, ignore_user_meta=False, metas=['./colcon.meta'], base_paths=['.'], packages_ignore=None, packages_ignore_regex=None, paths=None, packages_up_to=None, packages_up_to_regex=None, packages_above=None, packages_above_and_dependencies=None, packages_above_depth=None, packages_select_by_dep=None, packages_skip_by_dep=None, packages_skip_up_to=None, packages_select_build_failed=False, packages_skip_build_finished=False, packages_select_test_failures=False, packages_skip_test_passed=False, packages_select=['autonomous_docking'], packages_skip=None, packages_select_regex=None, packages_skip_regex=None, packages_start=None, packages_end=None, allow_overriding=[], cmake_args=None, cmake_target=None, cmake_target_skip_unavailable=False, cmake_clean_cache=False, cmake_clean_first=False, cmake_force_configure=False, ament_cmake_args=None, catkin_cmake_args=None, catkin_skip_building_tests=False, verb_parser=<colcon_defaults.argument_parser.defaults.DefaultArgumentsDecorator object at 0x7403ea239060>, verb_extension=<colcon_core.verb.build.BuildVerb object at 0x7403ea238b80>, main=<bound method BuildVerb.main of <colcon_core.verb.build.BuildVerb object at 0x7403ea238b80>>)
[0.134s] Level 1:colcon.colcon_core.package_discovery:discover_packages(colcon_meta) check parameters
[0.134s] Level 1:colcon.colcon_core.package_discovery:discover_packages(recursive) check parameters
[0.134s] Level 1:colcon.colcon_core.package_discovery:discover_packages(ignore) check parameters
[0.134s] Level 1:colcon.colcon_core.package_discovery:discover_packages(path) check parameters
[0.134s] Level 1:colcon.colcon_core.package_discovery:discover_packages(colcon_meta) discover
[0.134s] Level 1:colcon.colcon_core.package_discovery:discover_packages(recursive) discover
[0.134s] INFO:colcon.colcon_core.package_discovery:Crawling recursively for packages in '/home/ivanovaml/subsea_robotics_workspace'
[0.134s] Level 1:colcon.colcon_core.package_identification:_identify(.) by extensions ['ignore', 'ignore_ament_install']
[0.134s] Level 1:colcon.colcon_core.package_identification:_identify(.) by extension 'ignore'
[0.134s] Level 1:colcon.colcon_core.package_identification:_identify(.) by extension 'ignore_ament_install'
[0.134s] Level 1:colcon.colcon_core.package_identification:_identify(.) by extensions ['colcon_pkg']
[0.134s] Level 1:colcon.colcon_core.package_identification:_identify(.) by extension 'colcon_pkg'
[0.134s] Level 1:colcon.colcon_core.package_identification:_identify(.) by extensions ['colcon_meta']
[0.134s] Level 1:colcon.colcon_core.package_identification:_identify(.) by extension 'colcon_meta'
[0.134s] Level 1:colcon.colcon_core.package_identification:_identify(.) by extensions ['ros']
[0.134s] Level 1:colcon.colcon_core.package_identification:_identify(.) by extension 'ros'
[0.140s] Level 1:colcon.colcon_core.package_identification:_identify(.) by extensions ['cmake', 'python']
[0.140s] Level 1:colcon.colcon_core.package_identification:_identify(.) by extension 'cmake'
[0.140s] Level 1:colcon.colcon_core.package_identification:_identify(.) by extension 'python'
[0.140s] Level 1:colcon.colcon_core.package_identification:_identify(.) by extensions ['python_setup_py']
[0.140s] Level 1:colcon.colcon_core.package_identification:_identify(.) by extension 'python_setup_py'
[0.140s] Level 1:colcon.colcon_core.package_identification:_identify(build) by extensions ['ignore', 'ignore_ament_install']
[0.140s] Level 1:colcon.colcon_core.package_identification:_identify(build) by extension 'ignore'
[0.140s] Level 1:colcon.colcon_core.package_identification:_identify(build) ignored
[0.140s] Level 1:colcon.colcon_core.package_identification:_identify(install) by extensions ['ignore', 'ignore_ament_install']
[0.140s] Level 1:colcon.colcon_core.package_identification:_identify(install) by extension 'ignore'
[0.140s] Level 1:colcon.colcon_core.package_identification:_identify(install) ignored
[0.140s] Level 1:colcon.colcon_core.package_identification:_identify(log) by extensions ['ignore', 'ignore_ament_install']
[0.140s] Level 1:colcon.colcon_core.package_identification:_identify(log) by extension 'ignore'
[0.140s] Level 1:colcon.colcon_core.package_identification:_identify(log) ignored
[0.140s] Level 1:colcon.colcon_core.package_identification:_identify(src) by extensions ['ignore', 'ignore_ament_install']
[0.140s] Level 1:colcon.colcon_core.package_identification:_identify(src) by extension 'ignore'
[0.140s] Level 1:colcon.colcon_core.package_identification:_identify(src) by extension 'ignore_ament_install'
[0.140s] Level 1:colcon.colcon_core.package_identification:_identify(src) by extensions ['colcon_pkg']
[0.140s] Level 1:colcon.colcon_core.package_identification:_identify(src) by extension 'colcon_pkg'
[0.140s] Level 1:colcon.colcon_core.package_identification:_identify(src) by extensions ['colcon_meta']
[0.140s] Level 1:colcon.colcon_core.package_identification:_identify(src) by extension 'colcon_meta'
[0.140s] Level 1:colcon.colcon_core.package_identification:_identify(src) by extensions ['ros']
[0.140s] Level 1:colcon.colcon_core.package_identification:_identify(src) by extension 'ros'
[0.140s] Level 1:colcon.colcon_core.package_identification:_identify(src) by extensions ['cmake', 'python']
[0.140s] Level 1:colcon.colcon_core.package_identification:_identify(src) by extension 'cmake'
[0.140s] Level 1:colcon.colcon_core.package_identification:_identify(src) by extension 'python'
[0.140s] Level 1:colcon.colcon_core.package_identification:_identify(src) by extensions ['python_setup_py']
[0.140s] Level 1:colcon.colcon_core.package_identification:_identify(src) by extension 'python_setup_py'
[0.140s] Level 1:colcon.colcon_core.package_identification:_identify(src/autonomous_docking) by extensions ['ignore', 'ignore_ament_install']
[0.140s] Level 1:colcon.colcon_core.package_identification:_identify(src/autonomous_docking) by extension 'ignore'
[0.140s] Level 1:colcon.colcon_core.package_identification:_identify(src/autonomous_docking) by extension 'ignore_ament_install'
[0.140s] Level 1:colcon.colcon_core.package_identification:_identify(src/autonomous_docking) by extensions ['colcon_pkg']
[0.140s] Level 1:colcon.colcon_core.package_identification:_identify(src/autonomous_docking) by extension 'colcon_pkg'
[0.140s] Level 1:colcon.colcon_core.package_identification:_identify(src/autonomous_docking) by extensions ['colcon_meta']
[0.140s] Level 1:colcon.colcon_core.package_identification:_identify(src/autonomous_docking) by extension 'colcon_meta'
[0.140s] Level 1:colcon.colcon_core.package_identification:_identify(src/autonomous_docking) by extensions ['ros']
[0.140s] Level 1:colcon.colcon_core.package_identification:_identify(src/autonomous_docking) by extension 'ros'
[0.142s] DEBUG:colcon.colcon_core.package_identification:Package 'src/autonomous_docking' with type 'ros.ament_python' and name 'autonomous_docking'
[0.142s] Level 1:colcon.colcon_core.package_identification:_identify(src/gps_denied_fusion) by extensions ['ignore', 'ignore_ament_install']
[0.142s] Level 1:colcon.colcon_core.package_identification:_identify(src/gps_denied_fusion) by extension 'ignore'
[0.142s] Level 1:colcon.colcon_core.package_identification:_identify(src/gps_denied_fusion) by extension 'ignore_ament_install'
[0.142s] Level 1:colcon.colcon_core.package_identification:_identify(src/gps_denied_fusion) by extensions ['colcon_pkg']
[0.142s] Level 1:colcon.colcon_core.package_identification:_identify(src/gps_denied_fusion) by extension 'colcon_pkg'
[0.142s] Level 1:colcon.colcon_core.package_identification:_identify(src/gps_denied_fusion) by extensions ['colcon_meta']
[0.142s] Level 1:colcon.colcon_core.package_identification:_identify(src/gps_denied_fusion) by extension 'colcon_meta'
[0.142s] Level 1:colcon.colcon_core.package_identification:_identify(src/gps_denied_fusion) by extensions ['ros']
[0.142s] Level 1:colcon.colcon_core.package_identification:_identify(src/gps_denied_fusion) by extension 'ros'
[0.142s] DEBUG:colcon.colcon_core.package_identification:Package 'src/gps_denied_fusion' with type 'ros.ament_cmake' and name 'gps_denied_fusion'
[0.142s] Level 1:colcon.colcon_core.package_identification:_identify(src/sonar_data_pipeline) by extensions ['ignore', 'ignore_ament_install']
[0.142s] Level 1:colcon.colcon_core.package_identification:_identify(src/sonar_data_pipeline) by extension 'ignore'
[0.142s] Level 1:colcon.colcon_core.package_identification:_identify(src/sonar_data_pipeline) by extension 'ignore_ament_install'
[0.142s] Level 1:colcon.colcon_core.package_identification:_identify(src/sonar_data_pipeline) by extensions ['colcon_pkg']
[0.142s] Level 1:colcon.colcon_core.package_identification:_identify(src/sonar_data_pipeline) by extension 'colcon_pkg'
[0.142s] Level 1:colcon.colcon_core.package_identification:_identify(src/sonar_data_pipeline) by extensions ['colcon_meta']
[0.142s] Level 1:colcon.colcon_core.package_identification:_identify(src/sonar_data_pipeline) by extension 'colcon_meta'
[0.142s] Level 1:colcon.colcon_core.package_identification:_identify(src/sonar_data_pipeline) by extensions ['ros']
[0.142s] Level 1:colcon.colcon_core.package_identification:_identify(src/sonar_data_pipeline) by extension 'ros'
[0.143s] DEBUG:colcon.colcon_core.package_identification:Package 'src/sonar_data_pipeline' with type 'ros.ament_python' and name 'sonar_data_pipeline'
[0.143s] Level 1:colcon.colcon_core.package_discovery:discover_packages(recursive) using defaults
[0.143s] Level 1:colcon.colcon_core.package_discovery:discover_packages(ignore) discover
[0.143s] Level 1:colcon.colcon_core.package_discovery:discover_packages(ignore) using defaults
[0.143s] Level 1:colcon.colcon_core.package_discovery:discover_packages(path) discover
[0.143s] Level 1:colcon.colcon_core.package_discovery:discover_packages(path) using defaults
[0.159s] INFO:colcon.colcon_core.package_selection:Skipping not selected package 'gps_denied_fusion' in 'src/gps_denied_fusion'
[0.159s] INFO:colcon.colcon_core.package_selection:Skipping not selected package 'sonar_data_pipeline' in 'src/sonar_data_pipeline'
[0.159s] Level 1:colcon.colcon_core.package_discovery:discover_packages(prefix_path) check parameters
[0.159s] Level 1:colcon.colcon_core.package_discovery:discover_packages(prefix_path) discover
[0.159s] WARNING:colcon.colcon_ros.prefix_path.ament:The path '/home/ivanovaml/subsea_robotics_workspace/install/sonar_data_pipeline' in the environment variable AMENT_PREFIX_PATH doesn't exist
[0.159s] WARNING:colcon.colcon_ros.prefix_path.ament:The path '/home/ivanovaml/subsea_robotics_workspace/install/autonomous_docking' in the environment variable AMENT_PREFIX_PATH doesn't exist
[0.159s] WARNING:colcon.colcon_ros.prefix_path.ament:The path '/home/ivanovaml/subsea_robotics_workspace/install/gps_denied_fusion' in the environment variable AMENT_PREFIX_PATH doesn't exist
[0.159s] WARNING:colcon.colcon_ros.prefix_path.catkin:The path '/home/ivanovaml/subsea_robotics_workspace/install/gps_denied_fusion' in the environment variable CMAKE_PREFIX_PATH doesn't exist
[0.160s] DEBUG:colcon.colcon_installed_package_information.package_discovery:Found 0 installed packages in /home/ivanovaml/subsea_robotics_workspace/install
[0.160s] DEBUG:colcon.colcon_installed_package_information.package_discovery:Found 276 installed packages in /opt/ros/humble
[0.161s] Level 1:colcon.colcon_core.package_discovery:discover_packages(prefix_path) using defaults
[0.178s] Level 5:colcon.colcon_core.verb:set package 'autonomous_docking' build argument 'cmake_args' from command line to 'None'
[0.178s] Level 5:colcon.colcon_core.verb:set package 'autonomous_docking' build argument 'cmake_target' from command line to 'None'
[0.178s] Level 5:colcon.colcon_core.verb:set package 'autonomous_docking' build argument 'cmake_target_skip_unavailable' from command line to 'False'
[0.178s] Level 5:colcon.colcon_core.verb:set package 'autonomous_docking' build argument 'cmake_clean_cache' from command line to 'False'
[0.178s] Level 5:colcon.colcon_core.verb:set package 'autonomous_docking' build argument 'cmake_clean_first' from command line to 'False'
[0.178s] Level 5:colcon.colcon_core.verb:set package 'autonomous_docking' build argument 'cmake_force_configure' from command line to 'False'
[0.178s] Level 5:colcon.colcon_core.verb:set package 'autonomous_docking' build argument 'ament_cmake_args' from command line to 'None'
[0.178s] Level 5:colcon.colcon_core.verb:set package 'autonomous_docking' build argument 'catkin_cmake_args' from command line to 'None'
[0.178s] Level 5:colcon.colcon_core.verb:set package 'autonomous_docking' build argument 'catkin_skip_building_tests' from command line to 'False'
[0.178s] DEBUG:colcon.colcon_core.verb:Building package 'autonomous_docking' with the following arguments: {'ament_cmake_args': None, 'build_base': '/home/ivanovaml/subsea_robotics_workspace/build/autonomous_docking', 'catkin_cmake_args': None, 'catkin_skip_building_tests': False, 'cmake_args': None, 'cmake_clean_cache': False, 'cmake_clean_first': False, 'cmake_force_configure': False, 'cmake_target': None, 'cmake_target_skip_unavailable': False, 'install_base': '/home/ivanovaml/subsea_robotics_workspace/install/autonomous_docking', 'merge_install': False, 'path': '/home/ivanovaml/subsea_robotics_workspace/src/autonomous_docking', 'symlink_install': False, 'test_result_base': None}
[0.178s] INFO:colcon.colcon_core.executor:Executing jobs using 'parallel' executor
[0.178s] DEBUG:colcon.colcon_parallel_executor.executor.parallel:run_until_complete
[0.179s] INFO:colcon.colcon_ros.task.ament_python.build:Building ROS package in '/home/ivanovaml/subsea_robotics_workspace/src/autonomous_docking' with build type 'ament_python'
[0.179s] Level 1:colcon.colcon_core.shell:create_environment_hook('autonomous_docking', 'ament_prefix_path')
[0.180s] INFO:colcon.colcon_core.plugin_system:Skipping extension 'colcon_core.shell.bat': Not used on non-Windows systems
[0.180s] INFO:colcon.colcon_core.shell:Creating environment hook '/home/ivanovaml/subsea_robotics_workspace/install/autonomous_docking/share/autonomous_docking/hook/ament_prefix_path.ps1'
[0.181s] INFO:colcon.colcon_core.shell:Creating environment descriptor '/home/ivanovaml/subsea_robotics_workspace/install/autonomous_docking/share/autonomous_docking/hook/ament_prefix_path.dsv'
[0.181s] INFO:colcon.colcon_core.shell:Creating environment hook '/home/ivanovaml/subsea_robotics_workspace/install/autonomous_docking/share/autonomous_docking/hook/ament_prefix_path.sh'
[0.181s] INFO:colcon.colcon_core.shell:Skip shell extension 'powershell' for command environment: Not usable outside of PowerShell
[0.181s] DEBUG:colcon.colcon_core.shell:Skip shell extension 'dsv' for command environment
[0.303s] INFO:colcon.colcon_core.task.python.build:Building Python package in '/home/ivanovaml/subsea_robotics_workspace/src/autonomous_docking'
[0.303s] INFO:colcon.colcon_core.shell:Skip shell extension 'powershell' for command environment: Not usable outside of PowerShell
[0.303s] DEBUG:colcon.colcon_core.shell:Skip shell extension 'dsv' for command environment
[0.471s] DEBUG:colcon.colcon_core.task.python.build:Available setuptools commands: symlink_data, test, build_py, bdist_rpm, build_scripts, egg_info, develop, upload, alias, easy_install, install_headers, install_egg_info, build_ext, install, build_clib, build, install_lib, bdist_egg, init_catalog, sdist, install_scripts, bdist_dumb, clean, bdist, update_catalog, extract_messages, bdist_wheel, setopt, dist_info, upload_docs, compile_catalog, check, install_data, register, saveopts, rotate
[0.474s] DEBUG:colcon.colcon_core.event_handler.log_command:Invoking command in '/home/ivanovaml/subsea_robotics_workspace/src/autonomous_docking': PYTHONPATH=/home/ivanovaml/subsea_robotics_workspace/build/autonomous_docking/prefix_override:/usr/lib/python3/dist-packages/colcon_core/task/python/colcon_distutils_commands:/home/ivanovaml/subsea_robotics_workspace/install/autonomous_docking/lib/python3.10/site-packages:${PYTHONPATH} /usr/bin/python3 -W ignore:setup.py install is deprecated -W ignore:easy_install command is deprecated setup.py egg_info --egg-base ../../build/autonomous_docking build --build-base /home/ivanovaml/subsea_robotics_workspace/build/autonomous_docking/build install --record /home/ivanovaml/subsea_robotics_workspace/build/autonomous_docking/install.log --install-scripts $base/lib/autonomous_docking --single-version-externally-managed install_data
[0.627s] DEBUG:colcon.colcon_core.event_handler.log_command:Invoked command in '/home/ivanovaml/subsea_robotics_workspace/src/autonomous_docking' returned '0': PYTHONPATH=/home/ivanovaml/subsea_robotics_workspace/build/autonomous_docking/prefix_override:/usr/lib/python3/dist-packages/colcon_core/task/python/colcon_distutils_commands:/home/ivanovaml/subsea_robotics_workspace/install/autonomous_docking/lib/python3.10/site-packages:${PYTHONPATH} /usr/bin/python3 -W ignore:setup.py install is deprecated -W ignore:easy_install command is deprecated setup.py egg_info --egg-base ../../build/autonomous_docking build --build-base /home/ivanovaml/subsea_robotics_workspace/build/autonomous_docking/build install --record /home/ivanovaml/subsea_robotics_workspace/build/autonomous_docking/install.log --install-scripts $base/lib/autonomous_docking --single-version-externally-managed install_data
[0.628s] Level 1:colcon.colcon_core.environment:checking '/home/ivanovaml/subsea_robotics_workspace/install/autonomous_docking' for CMake module files
[0.628s] Level 1:colcon.colcon_core.environment:checking '/home/ivanovaml/subsea_robotics_workspace/install/autonomous_docking' for CMake config files
[0.629s] Level 1:colcon.colcon_core.environment:checking '/home/ivanovaml/subsea_robotics_workspace/install/autonomous_docking/lib'
[0.629s] Level 1:colcon.colcon_core.environment:checking '/home/ivanovaml/subsea_robotics_workspace/install/autonomous_docking/bin'
[0.629s] Level 1:colcon.colcon_core.environment:checking '/home/ivanovaml/subsea_robotics_workspace/install/autonomous_docking/lib/pkgconfig/autonomous_docking.pc'
[0.629s] Level 1:colcon.colcon_core.environment:checking '/home/ivanovaml/subsea_robotics_workspace/install/autonomous_docking/lib/python3.10/site-packages'
[0.629s] Level 1:colcon.colcon_core.shell:create_environment_hook('autonomous_docking', 'pythonpath')
[0.629s] INFO:colcon.colcon_core.shell:Creating environment hook '/home/ivanovaml/subsea_robotics_workspace/install/autonomous_docking/share/autonomous_docking/hook/pythonpath.ps1'
[0.629s] INFO:colcon.colcon_core.shell:Creating environment descriptor '/home/ivanovaml/subsea_robotics_workspace/install/autonomous_docking/share/autonomous_docking/hook/pythonpath.dsv'
[0.629s] INFO:colcon.colcon_core.shell:Creating environment hook '/home/ivanovaml/subsea_robotics_workspace/install/autonomous_docking/share/autonomous_docking/hook/pythonpath.sh'
[0.630s] Level 1:colcon.colcon_core.environment:checking '/home/ivanovaml/subsea_robotics_workspace/install/autonomous_docking/bin'
[0.630s] Level 1:colcon.colcon_core.environment:create_environment_scripts_only(autonomous_docking)
[0.630s] INFO:colcon.colcon_core.shell:Creating package script '/home/ivanovaml/subsea_robotics_workspace/install/autonomous_docking/share/autonomous_docking/package.ps1'
[0.630s] INFO:colcon.colcon_core.shell:Creating package descriptor '/home/ivanovaml/subsea_robotics_workspace/install/autonomous_docking/share/autonomous_docking/package.dsv'
[0.631s] INFO:colcon.colcon_core.shell:Creating package script '/home/ivanovaml/subsea_robotics_workspace/install/autonomous_docking/share/autonomous_docking/package.sh'
[0.631s] INFO:colcon.colcon_core.shell:Creating package script '/home/ivanovaml/subsea_robotics_workspace/install/autonomous_docking/share/autonomous_docking/package.bash'
[0.631s] INFO:colcon.colcon_core.shell:Creating package script '/home/ivanovaml/subsea_robotics_workspace/install/autonomous_docking/share/autonomous_docking/package.zsh'
[0.631s] Level 1:colcon.colcon_core.environment:create_file_with_runtime_dependencies(/home/ivanovaml/subsea_robotics_workspace/install/autonomous_docking/share/colcon-core/packages/autonomous_docking)
[0.632s] DEBUG:colcon.colcon_parallel_executor.executor.parallel:closing loop
[0.632s] DEBUG:colcon.colcon_parallel_executor.executor.parallel:loop closed
[0.632s] DEBUG:colcon.colcon_parallel_executor.executor.parallel:run_until_complete finished with '0'
[0.632s] DEBUG:colcon.colcon_core.event_reactor:joining thread
[0.635s] INFO:colcon.colcon_core.plugin_system:Skipping extension 'colcon_notification.desktop_notification.notify_send': Could not find 'notify-send'
[0.635s] INFO:colcon.colcon_core.plugin_system:Skipping extension 'colcon_notification.desktop_notification.terminal_notifier': Not used on non-Darwin systems
[0.635s] INFO:colcon.colcon_core.plugin_system:Skipping extension 'colcon_notification.desktop_notification.win32': Not used on non-Windows systems
[0.635s] INFO:colcon.colcon_notification.desktop_notification:Sending desktop notification using 'notify2'
[0.635s] DEBUG:colcon.colcon_notification.desktop_notification.notify2:Failed to initialize notify2: org.freedesktop.DBus.Error.FileNotFound: Failed to connect to socket /run/user/1000/bus: No such file or directory
[0.635s] DEBUG:colcon.colcon_core.event_reactor:joined thread
[0.635s] INFO:colcon.colcon_core.shell:Creating prefix script '/home/ivanovaml/subsea_robotics_workspace/install/local_setup.ps1'
[0.636s] INFO:colcon.colcon_core.shell:Creating prefix util module '/home/ivanovaml/subsea_robotics_workspace/install/_local_setup_util_ps1.py'
[0.636s] INFO:colcon.colcon_core.shell:Creating prefix chain script '/home/ivanovaml/subsea_robotics_workspace/install/setup.ps1'
[0.637s] INFO:colcon.colcon_core.shell:Creating prefix script '/home/ivanovaml/subsea_robotics_workspace/install/local_setup.sh'
[0.637s] INFO:colcon.colcon_core.shell:Creating prefix util module '/home/ivanovaml/subsea_robotics_workspace/install/_local_setup_util_sh.py'
[0.637s] INFO:colcon.colcon_core.shell:Creating prefix chain script '/home/ivanovaml/subsea_robotics_workspace/install/setup.sh'
[0.637s] INFO:colcon.colcon_core.shell:Creating prefix script '/home/ivanovaml/subsea_robotics_workspace/install/local_setup.bash'
[0.638s] INFO:colcon.colcon_core.shell:Creating prefix chain script '/home/ivanovaml/subsea_robotics_workspace/install/setup.bash'
[0.638s] INFO:colcon.colcon_core.shell:Creating prefix script '/home/ivanovaml/subsea_robotics_workspace/install/local_setup.zsh'
[0.638s] INFO:colcon.colcon_core.shell:Creating prefix chain script '/home/ivanovaml/subsea_robotics_workspace/install/setup.zsh'
