[0.294s] Invoking command in '/home/ivanovaml/subsea_robotics_workspace/src/autonomous_docking': PYTHONPATH=/home/ivanovaml/subsea_robotics_workspace/build/autonomous_docking/prefix_override:/usr/lib/python3/dist-packages/colcon_core/task/python/colcon_distutils_commands:/home/ivanovaml/subsea_robotics_workspace/install/autonomous_docking/lib/python3.10/site-packages:${PYTHONPATH} /usr/bin/python3 -W ignore:setup.py install is deprecated -W ignore:easy_install command is deprecated setup.py egg_info --egg-base ../../build/autonomous_docking build --build-base /home/ivanovaml/subsea_robotics_workspace/build/autonomous_docking/build install --record /home/ivanovaml/subsea_robotics_workspace/build/autonomous_docking/install.log --install-scripts $base/lib/autonomous_docking --single-version-externally-managed install_data
[0.413s] running egg_info
[0.413s] creating ../../build/autonomous_docking/autonomous_docking.egg-info
[0.414s] writing ../../build/autonomous_docking/autonomous_docking.egg-info/PKG-INFO
[0.414s] writing dependency_links to ../../build/autonomous_docking/autonomous_docking.egg-info/dependency_links.txt
[0.414s] writing entry points to ../../build/autonomous_docking/autonomous_docking.egg-info/entry_points.txt
[0.414s] writing requirements to ../../build/autonomous_docking/autonomous_docking.egg-info/requires.txt
[0.414s] writing top-level names to ../../build/autonomous_docking/autonomous_docking.egg-info/top_level.txt
[0.414s] writing manifest file '../../build/autonomous_docking/autonomous_docking.egg-info/SOURCES.txt'
[0.415s] reading manifest file '../../build/autonomous_docking/autonomous_docking.egg-info/SOURCES.txt'
[0.415s] adding license file 'LICENSE'
[0.415s] writing manifest file '../../build/autonomous_docking/autonomous_docking.egg-info/SOURCES.txt'
[0.415s] running build
[0.415s] running build_py
[0.415s] creating /home/ivanovaml/subsea_robotics_workspace/build/autonomous_docking/build
[0.415s] creating /home/ivanovaml/subsea_robotics_workspace/build/autonomous_docking/build/lib
[0.415s] creating /home/ivanovaml/subsea_robotics_workspace/build/autonomous_docking/build/lib/autonomous_docking
[0.415s] copying autonomous_docking/dvl_fusion_node.py -> /home/ivanovaml/subsea_robotics_workspace/build/autonomous_docking/build/lib/autonomous_docking
[0.420s] copying autonomous_docking/thruster_pid_node.py -> /home/ivanovaml/subsea_robotics_workspace/build/autonomous_docking/build/lib/autonomous_docking
[0.421s] copying autonomous_docking/__init__.py -> /home/ivanovaml/subsea_robotics_workspace/build/autonomous_docking/build/lib/autonomous_docking
[0.421s] copying autonomous_docking/acoustic_telemetry_node.py -> /home/ivanovaml/subsea_robotics_workspace/build/autonomous_docking/build/lib/autonomous_docking
[0.421s] copying autonomous_docking/docking_node.py -> /home/ivanovaml/subsea_robotics_workspace/build/autonomous_docking/build/lib/autonomous_docking
[0.421s] running install
[0.421s] running install_lib
[0.422s] creating /home/ivanovaml/subsea_robotics_workspace/install/autonomous_docking/lib/python3.10/site-packages/autonomous_docking
[0.422s] copying /home/ivanovaml/subsea_robotics_workspace/build/autonomous_docking/build/lib/autonomous_docking/dvl_fusion_node.py -> /home/ivanovaml/subsea_robotics_workspace/install/autonomous_docking/lib/python3.10/site-packages/autonomous_docking
[0.422s] copying /home/ivanovaml/subsea_robotics_workspace/build/autonomous_docking/build/lib/autonomous_docking/thruster_pid_node.py -> /home/ivanovaml/subsea_robotics_workspace/install/autonomous_docking/lib/python3.10/site-packages/autonomous_docking
[0.422s] copying /home/ivanovaml/subsea_robotics_workspace/build/autonomous_docking/build/lib/autonomous_docking/__init__.py -> /home/ivanovaml/subsea_robotics_workspace/install/autonomous_docking/lib/python3.10/site-packages/autonomous_docking
[0.422s] copying /home/ivanovaml/subsea_robotics_workspace/build/autonomous_docking/build/lib/autonomous_docking/acoustic_telemetry_node.py -> /home/ivanovaml/subsea_robotics_workspace/install/autonomous_docking/lib/python3.10/site-packages/autonomous_docking
[0.422s] copying /home/ivanovaml/subsea_robotics_workspace/build/autonomous_docking/build/lib/autonomous_docking/docking_node.py -> /home/ivanovaml/subsea_robotics_workspace/install/autonomous_docking/lib/python3.10/site-packages/autonomous_docking
[0.422s] byte-compiling /home/ivanovaml/subsea_robotics_workspace/install/autonomous_docking/lib/python3.10/site-packages/autonomous_docking/dvl_fusion_node.py to dvl_fusion_node.cpython-310.pyc
[0.423s] byte-compiling /home/ivanovaml/subsea_robotics_workspace/install/autonomous_docking/lib/python3.10/site-packages/autonomous_docking/thruster_pid_node.py to thruster_pid_node.cpython-310.pyc
[0.423s] byte-compiling /home/ivanovaml/subsea_robotics_workspace/install/autonomous_docking/lib/python3.10/site-packages/autonomous_docking/__init__.py to __init__.cpython-310.pyc
[0.423s] byte-compiling /home/ivanovaml/subsea_robotics_workspace/install/autonomous_docking/lib/python3.10/site-packages/autonomous_docking/acoustic_telemetry_node.py to acoustic_telemetry_node.cpython-310.pyc
[0.423s] byte-compiling /home/ivanovaml/subsea_robotics_workspace/install/autonomous_docking/lib/python3.10/site-packages/autonomous_docking/docking_node.py to docking_node.cpython-310.pyc
[0.424s] running install_data
[0.424s] creating /home/ivanovaml/subsea_robotics_workspace/install/autonomous_docking/share/ament_index
[0.424s] creating /home/ivanovaml/subsea_robotics_workspace/install/autonomous_docking/share/ament_index/resource_index
[0.424s] creating /home/ivanovaml/subsea_robotics_workspace/install/autonomous_docking/share/ament_index/resource_index/packages
[0.424s] copying resource/autonomous_docking -> /home/ivanovaml/subsea_robotics_workspace/install/autonomous_docking/share/ament_index/resource_index/packages
[0.424s] copying package.xml -> /home/ivanovaml/subsea_robotics_workspace/install/autonomous_docking/share/autonomous_docking
[0.424s] creating /home/ivanovaml/subsea_robotics_workspace/install/autonomous_docking/share/autonomous_docking/config
[0.424s] copying config/ekf.yaml -> /home/ivanovaml/subsea_robotics_workspace/install/autonomous_docking/share/autonomous_docking/config
[0.425s] creating /home/ivanovaml/subsea_robotics_workspace/install/autonomous_docking/share/autonomous_docking/launch
[0.425s] copying launch/main_launch.py -> /home/ivanovaml/subsea_robotics_workspace/install/autonomous_docking/share/autonomous_docking/launch
[0.425s] creating /home/ivanovaml/subsea_robotics_workspace/install/autonomous_docking/share/autonomous_docking/rviz
[0.425s] running install_egg_info
[0.426s] Copying ../../build/autonomous_docking/autonomous_docking.egg-info to /home/ivanovaml/subsea_robotics_workspace/install/autonomous_docking/lib/python3.10/site-packages/autonomous_docking-0.0.0-py3.10.egg-info
[0.426s] running install_scripts
[0.437s] Installing acoustic_telemetry script to /home/ivanovaml/subsea_robotics_workspace/install/autonomous_docking/lib/autonomous_docking
[0.437s] Installing behavior_tree_node script to /home/ivanovaml/subsea_robotics_workspace/install/autonomous_docking/lib/autonomous_docking
[0.437s] Installing docking_node script to /home/ivanovaml/subsea_robotics_workspace/install/autonomous_docking/lib/autonomous_docking
[0.437s] Installing dvl_fusion_node script to /home/ivanovaml/subsea_robotics_workspace/install/autonomous_docking/lib/autonomous_docking
[0.437s] Installing thruster_pid_node script to /home/ivanovaml/subsea_robotics_workspace/install/autonomous_docking/lib/autonomous_docking
[0.437s] writing list of installed files to '/home/ivanovaml/subsea_robotics_workspace/build/autonomous_docking/install.log'
[0.448s] Invoked command in '/home/ivanovaml/subsea_robotics_workspace/src/autonomous_docking' returned '0': PYTHONPATH=/home/ivanovaml/subsea_robotics_workspace/build/autonomous_docking/prefix_override:/usr/lib/python3/dist-packages/colcon_core/task/python/colcon_distutils_commands:/home/ivanovaml/subsea_robotics_workspace/install/autonomous_docking/lib/python3.10/site-packages:${PYTHONPATH} /usr/bin/python3 -W ignore:setup.py install is deprecated -W ignore:easy_install command is deprecated setup.py egg_info --egg-base ../../build/autonomous_docking build --build-base /home/ivanovaml/subsea_robotics_workspace/build/autonomous_docking/build install --record /home/ivanovaml/subsea_robotics_workspace/build/autonomous_docking/install.log --install-scripts $base/lib/autonomous_docking --single-version-externally-managed install_data
