running egg_info
writing ../../build/autonomous_docking/autonomous_docking.egg-info/PKG-INFO
writing dependency_links to ../../build/autonomous_docking/autonomous_docking.egg-info/dependency_links.txt
writing entry points to ../../build/autonomous_docking/autonomous_docking.egg-info/entry_points.txt
writing requirements to ../../build/autonomous_docking/autonomous_docking.egg-info/requires.txt
writing top-level names to ../../build/autonomous_docking/autonomous_docking.egg-info/top_level.txt
reading manifest file '../../build/autonomous_docking/autonomous_docking.egg-info/SOURCES.txt'
adding license file 'LICENSE'
writing manifest file '../../build/autonomous_docking/autonomous_docking.egg-info/SOURCES.txt'
running build
running build_py
copying autonomous_docking/docking_node.py -> /home/ivanovaml/subsea_robotics_workspace/build/autonomous_docking/build/lib/autonomous_docking
running install
running install_lib
copying /home/ivanovaml/subsea_robotics_workspace/build/autonomous_docking/build/lib/autonomous_docking/docking_node.py -> /home/ivanovaml/subsea_robotics_workspace/install/autonomous_docking/lib/python3.10/site-packages/autonomous_docking
byte-compiling /home/ivanovaml/subsea_robotics_workspace/install/autonomous_docking/lib/python3.10/site-packages/autonomous_docking/docking_node.py to docking_node.cpython-310.pyc
running install_data
running install_egg_info
removing '/home/ivanovaml/subsea_robotics_workspace/install/autonomous_docking/lib/python3.10/site-packages/autonomous_docking-0.0.0-py3.10.egg-info' (and everything under it)
Copying ../../build/autonomous_docking/autonomous_docking.egg-info to /home/ivanovaml/subsea_robotics_workspace/install/autonomous_docking/lib/python3.10/site-packages/autonomous_docking-0.0.0-py3.10.egg-info
running install_scripts
Installing acoustic_telemetry script to /home/ivanovaml/subsea_robotics_workspace/install/autonomous_docking/lib/autonomous_docking
Installing behavior_tree_node script to /home/ivanovaml/subsea_robotics_workspace/install/autonomous_docking/lib/autonomous_docking
Installing docking_node script to /home/ivanovaml/subsea_robotics_workspace/install/autonomous_docking/lib/autonomous_docking
Installing dvl_fusion_node script to /home/ivanovaml/subsea_robotics_workspace/install/autonomous_docking/lib/autonomous_docking
Installing thruster_pid_node script to /home/ivanovaml/subsea_robotics_workspace/install/autonomous_docking/lib/autonomous_docking
writing list of installed files to '/home/ivanovaml/subsea_robotics_workspace/build/autonomous_docking/install.log'
